---
source: src/lock.rs
expression: encoded
---
version = 2
okr-version = "0.1.0"
generated = "2026-06-30T00:00:00Z"
snapshot = "2026-06-30"
config-digest = "sha256:aaaaaaaaaaaaaaaaaaaaaaaaaaaaaaaaaaaaaaaaaaaaaaaaaaaaaaaaaaaaaaaa"
environment-digest = "sha256:3c004290a53fb8f402c5ba4c33fbede17fd2c7d0405affb90a6940324f8dab31"

[[package]]
name = "rpact"
version = "4.2.1"
source = "cran"
url = "https://example.test/rpact_4.2.1.tar.gz"
fetch-method = "tarball"
tree-digest = "sha256:dddddddddddddddddddddddddddddddddddddddddddddddddddddddddddddddd"
license = "LGPL-2.1"

[[reference]]
name = "standards"
source = "git::git@example.test:stds/standards.git"
ref = "main"
commit = "eeeeeeeeeeeeeeeeeeeeeeeeeeeeeeeeeeeeeeee"
fetch-method = "git-clone"
tree-digest = "sha256:0000000000000000000000000000000000000000000000000000000000000000"
