---
source: src/lock.rs
expression: encoded
---
version = 1
okr-version = "0.1.0"
generated = "2026-06-30T00:00:00Z"
snapshot = "2026-06-30"
config-digest = "sha256:aaaaaaaaaaaaaaaaaaaaaaaaaaaaaaaaaaaaaaaaaaaaaaaaaaaaaaaaaaaaaaaa"
environment-digest = "sha256:eec3f3d4f2e3d6ff92aab373c63ff6de8f11cc6d37e69a83b83a3513b9d6ddd8"

[[package]]
name = "rpact"
version = "4.2.1"
source = "cran"
url = "https://example.test/rpact_4.2.1.tar.gz"
fetch-method = "tarball"
artifact-digest = "sha256:cccccccccccccccccccccccccccccccccccccccccccccccccccccccccccccccc"
tree-digest = "sha256:dddddddddddddddddddddddddddddddddddddddddddddddddddddddddddddddd"
license = "LGPL-2.1"

[[reference]]
name = "standards"
source = "git::git@example.test:stds/standards.git"
ref = "main"
commit = "eeeeeeeeeeeeeeeeeeeeeeeeeeeeeeeeeeeeeeee"
fetch-method = "git-clone"
artifact-digest = "sha256:ffffffffffffffffffffffffffffffffffffffffffffffffffffffffffffffff"
tree-digest = "sha256:0000000000000000000000000000000000000000000000000000000000000000"
