---
source: src/lock.rs
expression: encoded
---
version = 1
okr-version = "0.1.0"
generated = "2026-08-11T17:03:00Z"
snapshot = "2026-06-30"
config-hash = "sha256:aaaaaaaaaaaaaaaaaaaaaaaaaaaaaaaaaaaaaaaaaaaaaaaaaaaaaaaaaaaaaaaa"
environment-digest = "sha256:8b6010482f61aa43082eefe39ed58e9ccba842655099c66e25834aeef539dc53"

[[package]]
name = "rpact"
version = "4.2.1"
source = "cran"
url = "https://example.test/rpact_4.2.1.tar.gz"
fetch-method = "tarball"
tarball-sha256 = "cccccccccccccccccccccccccccccccccccccccccccccccccccccccccccccccc"
tree-digest = "sha256:dddddddddddddddddddddddddddddddddddddddddddddddddddddddddddddddd"
license = "LGPL-2.1"

[package.files]
DESCRIPTION = "1111111111111111111111111111111111111111111111111111111111111111"

[[reference]]
name = "standards"
source = "git::git@example.test:stds/standards.git"
ref = "main"
commit = "eeeeeeeeeeeeeeeeeeeeeeeeeeeeeeeeeeeeeeee"
fetch-method = "git-clone"
tarball-sha256 = "ffffffffffffffffffffffffffffffffffffffffffffffffffffffffffffffff"
tree-digest = "sha256:0000000000000000000000000000000000000000000000000000000000000000"

[reference.files]
"README.md" = "2222222222222222222222222222222222222222222222222222222222222222"
